tup warning: generated file 'bin\th04\main.exe' was deleted outside of tup. This file may be re-created on the next update.
tup warning: generated file 'bin\th05\main.exe' was deleted outside of tup. This file may be re-created on the next update.
[ tup ] [0.000s] Scanning filesystem...
[ tup ] [0.027s] Reading in new environment variables...
[ tup ] [0.027s] No Tupfiles to parse.
[ tup ] [0.027s] No files to delete.
[ tup ] [0.027s] Executing Commands...
  19% 6) [0.438s] bin\msdos -e -x bin/Pipeline/bmp2arr.com -q -i th05/sprites/gaiji.bmp -o th05/sprites/gaiji.asp -sym _sGAIJI -of asm -sw 16 -sh 16
  50% 5) [0.472s] bin\msdos -e -x tlink @obj\th04\main.@l
Turbo Link  Version 6.10 Copyright (c) 1992, 1993, 1994 Borland International
  63% 4) [0.038s] tasm32 /m /mx /kh32768 /t /dGAME=5 th05_gjinit.asm obj\th05\gjinit.obj
  66% 3) [0.062s] bin\msdos -e -x tlink @obj\th05\gjinit.@l
Turbo Link  Version 6.10 Copyright (c) 1992, 1993, 1994 Borland International
  67% 2) [0.034s] bin\msdos -e -x bin/Pipeline/zungen.com obj/Pipeline/zun_stub.bin obj\th05\zuncom.@z obj/th05/zuncom.bin
  68% 1) [0.031s] bin\msdos -e -x bin/Pipeline/comcstm.com th05/zun.txt obj/th05/zuncom.bin obj/Pipeline/cstmstub.bin 628731748 bin/th05/zun.com
 100% 0) [0.632s] bin\msdos -e -x tlink @obj\th05\main.@l
Turbo Link  Version 6.10 Copyright (c) 1992, 1993, 1994 Borland International
[ tup ] [0.665s] Updated.
Done. Find the executables in the bin\ subdirectory.
-------------------------------------------------------------------------------
BUILD_RC=0 
